 --------------------------------------------------------------------------------
 --------------------------------------------------------------------------------
 [10.10.2026, 14:54:14]: Build for app_component::build with id '9f46b350-1b19-4ecf-8973-62909eab8c3f' started.
 --------------------------------------------------------------------------------
 Command: cmd.exe /C set CC= && set CXX= && empyro.bat build_app -s c:\Users\NovokhatkoTaras\Work\FPGA\homework_4\vitis\zynq_led\app_component\src -b c:\Users\NovokhatkoTaras\Work\FPGA\homework_4\vitis\zynq_led\app_component\build
 [INFO]: Starting Application build process
 [INFO]: Building Application
 [1/3] ==========Application Build Information ==========
 Compiler Flags:  -DSDT -mcpu=cortex-a9 -mfpu=vfpv3 -mfloat-abi=hard  -MMD -MP -specs=C:/Users/Novokh
 atkoTaras/Work/FPGA/homework_4/vitis/zynq_led/platform/export/platform/sw/standalone_ps7_cortexa9_0/
 Xilinx.spec -IC:/Users/NovokhatkoTaras/Work/FPGA/homework_4/vitis/zynq_led/platform/export/platform/
 sw/standalone_ps7_cortexa9_0/include -Wall -Wextra      -O0  -g3     -U__clang__  
 Linker Flags:       -Wl,-T -Wl,"C:/Users/NovokhatkoTaras/Work/FPGA/homework_4/vitis/zynq_led/app_com
 ponent/src/lscript.ld" -L"C:/Users/NovokhatkoTaras/Work/FPGA/homework_4/vitis/zynq_led/app_component
 /src/" -L"C:/Users/NovokhatkoTaras/Work/FPGA/homework_4/vitis/zynq_led/platform/export/platform/sw/s
 tandalone_ps7_cortexa9_0/lib/" -L"/" -Wl,--start-group,-lxilstandalone,-lxiltimer,-lxil,-lgcc,-lc -W
 l,--end-group
 ===========================================
 [2/3] Building C object CMakeFiles/app_component.elf.dir/C_/Users/NovokhatkoTaras/Work/FPGA/homework_4/vitis/main.c.obj
 [3/3] Linking C executable app_component.elf
    text	   data	    bss	    dec	    hex	filename
   36244	   1640	  23064	  60948	   ee14	app_component.elf
 Build Finished successfully
 --------------------------------------------------------------------------------
[10.10.2026, 14:54:16]: Build for app_component::build with id '9f46b350-1b19-4ecf-8973-62909eab8c3f' ended.
